// Jest Snapshot v1, https://goo.gl/fbAQLP

exports[`MoviesCatalog snapshot testing renders component correctly 1`] = `
<section
  className="catalog"
>
  <h2
    className="catalog__title visually-hidden"
  >
    Catalog
  </h2>
  <ul
    className="catalog__genres-list"
  >
    <li
      className="catalog__genres-item catalog__genres-item--active"
    >
      <a
        className="catalog__genres-link"
        href="#"
        onClick={[Function]}
      >
        All genres
      </a>
    </li>
    <li
      className="catalog__genres-item "
    >
      <a
        className="catalog__genres-link"
        href="#"
        onClick={[Function]}
      >
        Action
      </a>
    </li>
    <li
      className="catalog__genres-item "
    >
      <a
        className="catalog__genres-link"
        href="#"
        onClick={[Function]}
      >
        Crime
      </a>
    </li>
    <li
      className="catalog__genres-item "
    >
      <a
        className="catalog__genres-link"
        href="#"
        onClick={[Function]}
      >
        Drama
      </a>
    </li>
    <li
      className="catalog__genres-item "
    >
      <a
        className="catalog__genres-link"
        href="#"
        onClick={[Function]}
      >
        Adventure
      </a>
    </li>
    <li
      className="catalog__genres-item "
    >
      <a
        className="catalog__genres-link"
        href="#"
        onClick={[Function]}
      >
        Comedy
      </a>
    </li>
  </ul>
  <div
    className="catalog__movies-list"
  >
    <article
      className="small-movie-card catalog__movies-card"
      onMouseEnter={[Function]}
      onMouseLeave={[Function]}
    >
      <a
        className="small-movie-card__image"
        href="/films/1"
        onClick={[Function]}
      >
        <video
          height="175"
          muted={true}
          poster="https://assets.htmlacademy.ru/intensives/javascript-3/film/preview/bronson.jpg"
          src="https://upload.wikimedia.org/wikipedia/commons/transcoded/b/b3/Big_Buck_Bunny_Trailer_400p.ogv/Big_Buck_Bunny_Trailer_400p.ogv.360p.webm"
          width="280"
        />
      </a>
      <h3
        className="small-movie-card__title"
      >
        <a
          className="small-movie-card__link"
          href="/films/1"
          onClick={[Function]}
        >
          Bronson
        </a>
      </h3>
    </article>
    <article
      className="small-movie-card catalog__movies-card"
      onMouseEnter={[Function]}
      onMouseLeave={[Function]}
    >
      <a
        className="small-movie-card__image"
        href="/films/2"
        onClick={[Function]}
      >
        <video
          height="175"
          muted={true}
          poster="https://assets.htmlacademy.ru/intensives/javascript-3/film/preview/pulp-fiction.jpg"
          src="https://upload.wikimedia.org/wikipedia/commons/transcoded/b/b3/Big_Buck_Bunny_Trailer_400p.ogv/Big_Buck_Bunny_Trailer_400p.ogv.360p.webm"
          width="280"
        />
      </a>
      <h3
        className="small-movie-card__title"
      >
        <a
          className="small-movie-card__link"
          href="/films/2"
          onClick={[Function]}
        >
          Pulp Fiction
        </a>
      </h3>
    </article>
    <article
      className="small-movie-card catalog__movies-card"
      onMouseEnter={[Function]}
      onMouseLeave={[Function]}
    >
      <a
        className="small-movie-card__image"
        href="/films/3"
        onClick={[Function]}
      >
        <video
          height="175"
          muted={true}
          poster="https://assets.htmlacademy.ru/intensives/javascript-3/film/preview/midnight-special.jpg"
          src="https://download.blender.org/durian/trailer/sintel_trailer-480p.mp4"
          width="280"
        />
      </a>
      <h3
        className="small-movie-card__title"
      >
        <a
          className="small-movie-card__link"
          href="/films/3"
          onClick={[Function]}
        >
          Midnight Special
        </a>
      </h3>
    </article>
    <article
      className="small-movie-card catalog__movies-card"
      onMouseEnter={[Function]}
      onMouseLeave={[Function]}
    >
      <a
        className="small-movie-card__image"
        href="/films/4"
        onClick={[Function]}
      >
        <video
          height="175"
          muted={true}
          poster="https://assets.htmlacademy.ru/intensives/javascript-3/film/preview/matrix.jpg"
          src="https://upload.wikimedia.org/wikipedia/commons/transcoded/b/b3/Big_Buck_Bunny_Trailer_400p.ogv/Big_Buck_Bunny_Trailer_400p.ogv.360p.webm"
          width="280"
        />
      </a>
      <h3
        className="small-movie-card__title"
      >
        <a
          className="small-movie-card__link"
          href="/films/4"
          onClick={[Function]}
        >
          Matrix
        </a>
      </h3>
    </article>
    <article
      className="small-movie-card catalog__movies-card"
      onMouseEnter={[Function]}
      onMouseLeave={[Function]}
    >
      <a
        className="small-movie-card__image"
        href="/films/5"
        onClick={[Function]}
      >
        <video
          height="175"
          muted={true}
          poster="https://assets.htmlacademy.ru/intensives/javascript-3/film/preview/legend.jpg"
          src="https://download.blender.org/durian/trailer/sintel_trailer-480p.mp4"
          width="280"
        />
      </a>
      <h3
        className="small-movie-card__title"
      >
        <a
          className="small-movie-card__link"
          href="/films/5"
          onClick={[Function]}
        >
          Legend
        </a>
      </h3>
    </article>
    <article
      className="small-movie-card catalog__movies-card"
      onMouseEnter={[Function]}
      onMouseLeave={[Function]}
    >
      <a
        className="small-movie-card__image"
        href="/films/6"
        onClick={[Function]}
      >
        <video
          height="175"
          muted={true}
          poster="https://assets.htmlacademy.ru/intensives/javascript-3/film/preview/gangs_of_new_york.jpg"
          src="https://download.blender.org/durian/trailer/sintel_trailer-480p.mp4"
          width="280"
        />
      </a>
      <h3
        className="small-movie-card__title"
      >
        <a
          className="small-movie-card__link"
          href="/films/6"
          onClick={[Function]}
        >
          Gangs of new york
        </a>
      </h3>
    </article>
    <article
      className="small-movie-card catalog__movies-card"
      onMouseEnter={[Function]}
      onMouseLeave={[Function]}
    >
      <a
        className="small-movie-card__image"
        href="/films/7"
        onClick={[Function]}
      >
        <video
          height="175"
          muted={true}
          poster="https://assets.htmlacademy.ru/intensives/javascript-3/film/preview/A_Star_Is_Born.jpg"
          src="https://upload.wikimedia.org/wikipedia/commons/transcoded/b/b3/Big_Buck_Bunny_Trailer_400p.ogv/Big_Buck_Bunny_Trailer_400p.ogv.360p.webm"
          width="280"
        />
      </a>
      <h3
        className="small-movie-card__title"
      >
        <a
          className="small-movie-card__link"
          href="/films/7"
          onClick={[Function]}
        >
          A Star Is Born
        </a>
      </h3>
    </article>
    <article
      className="small-movie-card catalog__movies-card"
      onMouseEnter={[Function]}
      onMouseLeave={[Function]}
    >
      <a
        className="small-movie-card__image"
        href="/films/8"
        onClick={[Function]}
      >
        <video
          height="175"
          muted={true}
          poster="https://assets.htmlacademy.ru/intensives/javascript-3/film/preview/beach.jpg"
          src="https://download.blender.org/durian/trailer/sintel_trailer-480p.mp4"
          width="280"
        />
      </a>
      <h3
        className="small-movie-card__title"
      >
        <a
          className="small-movie-card__link"
          href="/films/8"
          onClick={[Function]}
        >
          Beach
        </a>
      </h3>
    </article>
    <article
      className="small-movie-card catalog__movies-card"
      onMouseEnter={[Function]}
      onMouseLeave={[Function]}
    >
      <a
        className="small-movie-card__image"
        href="/films/9"
        onClick={[Function]}
      >
        <video
          height="175"
          muted={true}
          poster="https://assets.htmlacademy.ru/intensives/javascript-3/film/preview/aviator.jpg"
          src="https://download.blender.org/durian/trailer/sintel_trailer-480p.mp4"
          width="280"
        />
      </a>
      <h3
        className="small-movie-card__title"
      >
        <a
          className="small-movie-card__link"
          href="/films/9"
          onClick={[Function]}
        >
          Aviator
        </a>
      </h3>
    </article>
    <article
      className="small-movie-card catalog__movies-card"
      onMouseEnter={[Function]}
      onMouseLeave={[Function]}
    >
      <a
        className="small-movie-card__image"
        href="/films/10"
        onClick={[Function]}
      >
        <video
          height="175"
          muted={true}
          poster="https://assets.htmlacademy.ru/intensives/javascript-3/film/preview/johnny-english.jpg"
          src="https://upload.wikimedia.org/wikipedia/commons/transcoded/b/b3/Big_Buck_Bunny_Trailer_400p.ogv/Big_Buck_Bunny_Trailer_400p.ogv.360p.webm"
          width="280"
        />
      </a>
      <h3
        className="small-movie-card__title"
      >
        <a
          className="small-movie-card__link"
          href="/films/10"
          onClick={[Function]}
        >
          Johnny English
        </a>
      </h3>
    </article>
  </div>
</section>
`;
